                     1  ; Грошев А.В., А-06-23, 1, v1
                     2  $INCLUDE (vars.inc)             ; адреса, биты, константы варианта; в файл для робота mpscode вклеит его текст
              =1     1  ; Параметры варианта А-06, M=1 (ТЗ 2026). Сгенерировано mpsgen — не править руками.
              =1     2  
              =1     3  VAR_M        EQU 1            ; номер варианта
              =1     4  VAR_G        EQU 6            ; номер группы
              =1     5  Y2_CONST     EQU 7            ; G+M: Y2 = (Y2_CONST + X1 + X2) mod 256
              =1     6  
              =1     7  ; --- адреса внешних устройств (movx) ---
              =1     8  ADR_IND      EQU 4000h        ; индикатор, CS Y2
              =1     9  ADR_KB       EQU 8000h        ; клавиатура: запись столбцов / чтение строк, CS Y4
              =1    10  ADR_Y2       EQU 6000h        ; регистр Y2, CS Y3
              =1    11  BUF_START    EQU 2000h        ; первая ячейка буфера, CS Y1
              =1    12  BUF_END      EQU 24BAh        ; первая ячейка ЗА буфером (точка заворота)
              =1    13  BUF_SIZE     EQU 1210
              =1    14  
              =1    15  ; --- клавиатура 3x4 и индикатор ---
              =1    16  KB_COLS      EQU 3             ; столбцы Col1…Col3 — биты D0…D2 при записи в ADR_KB (0 — столбец опрашивается)
              =1    17  KB_ROWS      EQU 4             ; строки Row1…Row4 — биты D0…D3 при чтении ADR_KB (0 — замкнута); старшие биты не определены — маскировать
              =1    18  IND_OFF      EQU 00h           ; индикатор погашен (общий катод: 1 зажигает сегмент; D0…D7 = a…g, dp)
              =1    19  
              =1    20  ; --- внутреннее ОЗУ ---
              =1    21  HEAD_L       EQU 38h          ; «голова», младший байт
              =1    22  HEAD_H       EQU 39h          ; «голова», старший байт
              =1    23  TAIL_L       EQU 3Ah          ; «хвост», младший байт
              =1    24  TAIL_H       EQU 3Bh          ; «хвост», старший байт
              =1    25  F_EMPTY      BIT 1h          ; флаг пустоты буфера (20h.1)
              =1    26  F_OVF        BIT 7h          ; флаг переполнения буфера (20h.7)
              =1    27  
              =1    28  ; --- выводы ---
              =1    29  PIN_Y1       BIT P1.1         ; строб Y1, активный 0
              =1    30  PIN_Y2       BIT P1.2         ; строб Y2, активный 0
              =1    31  PIN_CSEN     BIT P3.4         ; CS_EN: разрешение дешифратора CS (1 — CS активны)
              =1    32  
              =1    33  ; --- таймеры (кварц 12 МГц) ---
              =1    34  T2_RELOAD_H  EQU 0FAh          ; строб Y2 1536 мкс, Timer1
              =1    35  T2_RELOAD_L  EQU 0h
              =1    36  TICK_H       EQU 0F8h          ; тик 2 мс для Y1/T3, Timer0
              =1    37  TICK_L       EQU 30h
              =1    38  Y1_TICKS     EQU 88           ; T1 = 176 мс
              =1    39  T3_TICKS     EQU 1075          ; T3 = 2150 мс
              =1    40  
                     3  DSEG AT 30h
                     4  ; здесь объявление переменных (счётчик тиков и т. п.)
                     5  CSEG AT 0h
0000 8029            6          sjmp START
0003                 7  org 03h ; "заглушка" для INT0
0003 00              8          nop
0004 32              9          reti
000B                10  org 0bh                         ; Timer0 — тик для отсчёта T1
000B 020034         11          ljmp T0Isr
0013                12  org 13h ; "заглушка" для INT1
0013 00             13          nop
0014 32             14          reti
001B                15  org 1bh ; "заглушка" для Tmr1_ovf
001B 00             16          nop
001C 32             17          reti
0023                18  org 23h ; "заглушка" для UART
0023 00             19          nop
0024 32             20          reti
002B                21  org 2bh
002B                22  START:
                    23  ; Инициализация МК **********************************************
002B 758107         24          mov SP, #07h
                    25          ; TODO: CS_EN = 1; PIN_Y1 = 1 (строб пассивен); TMOD для Timer0; разрешить ET0 и EA
002E 120033         26          call Y1Start ; %proc%
0031 80FE           27          jmp $ ; %stop%
                    28  
                    29  ; Y1Start — начало строба Y1 = 0 длительностью T1 на PIN_Y1; конец — в обработчике Timer0.
                    30  ; Вход, выход: нет.
                    31  ; TODO: что портит
0033                32  Y1Start:
                    33          ; TODO: PIN_Y1 = 0, запустить отсчёт Y1_TICKS тиков по TICK_H:TICK_L (в цикле не ждать!)
0033 22             34          ret
                    35  
                    36  ; T0Isr — тик Timer0: перезагрузка, счёт тиков, по окончании T1 — PIN_Y1 = 1.
0034                37  T0Isr:
                    38          ; TODO
0034 32             39          reti
                    40  END
                    41  
