                     1  ; Судьбинин Н.А., Аэ-21-23, 11, v1
                     2  $INCLUDE (vars.inc)             ; адреса, биты, константы варианта; в файл для робота mpscode вклеит его текст
              =1     1  ; Параметры варианта Аэ-21, M=11 (ТЗ 2026). Сгенерировано mpsgen — не править руками.
              =1     2  
              =1     3  VAR_M        EQU 11            ; номер варианта
              =1     4  VAR_G        EQU 21            ; номер группы
              =1     5  Y2_CONST     EQU 32            ; G+M: Y2 = (Y2_CONST + X1 + X2) mod 256
              =1     6  
              =1     7  ; --- адреса внешних устройств (movx) ---
              =1     8  ADR_IND      EQU 2000h        ; индикатор, CS Y1
              =1     9  ADR_KB       EQU 6000h        ; клавиатура: запись столбцов / чтение строк, CS Y3
              =1    10  ADR_Y2       EQU 4000h        ; регистр Y2, CS Y2
              =1    11  BUF_START    EQU 0E000h        ; первая ячейка буфера, CS Y7
              =1    12  BUF_END      EQU 0E776h        ; первая ячейка ЗА буфером (точка заворота)
              =1    13  BUF_SIZE     EQU 1910
              =1    14  
              =1    15  ; --- клавиатура 3x4 и индикатор ---
              =1    16  KB_COLS      EQU 3             ; столбцы Col1…Col3 — биты D0…D2 при записи в ADR_KB (0 — столбец опрашивается)
              =1    17  KB_ROWS      EQU 4             ; строки Row1…Row4 — биты D0…D3 при чтении ADR_KB (0 — замкнута); старшие биты не определены — маскировать
              =1    18  IND_OFF      EQU 00h           ; индикатор погашен (общий катод: 1 зажигает сегмент; D0…D7 = a…g, dp)
              =1    19  
              =1    20  ; --- внутреннее ОЗУ ---
              =1    21  HEAD_L       EQU 51h          ; «голова», младший байт
              =1    22  HEAD_H       EQU 52h          ; «голова», старший байт
              =1    23  TAIL_L       EQU 53h          ; «хвост», младший байт
              =1    24  TAIL_H       EQU 54h          ; «хвост», старший байт
              =1    25  F_EMPTY      BIT 0Bh          ; флаг пустоты буфера (21h.3)
              =1    26  F_OVF        BIT 20h          ; флаг переполнения буфера (24h.0)
              =1    27  
              =1    28  ; --- выводы ---
              =1    29  PIN_Y1       BIT P1.4         ; строб Y1, активный 0
              =1    30  PIN_Y2       BIT P1.5         ; строб Y2, активный 0
              =1    31  PIN_CSEN     BIT P3.4         ; CS_EN: разрешение дешифратора CS (1 — CS активны)
              =1    32  
              =1    33  ; --- таймеры (кварц 12 МГц) ---
              =1    34  T2_RELOAD_H  EQU 0F9h          ; строб Y2 1751 мкс, Timer1
              =1    35  T2_RELOAD_L  EQU 29h
              =1    36  TICK_H       EQU 0FCh          ; тик 1 мс для Y1/T3, Timer0
              =1    37  TICK_L       EQU 18h
              =1    38  Y1_TICKS     EQU 313           ; T1 = 313 мс
              =1    39  T3_TICKS     EQU 2745          ; T3 = 2745 мс
              =1    40  
                     3  DSEG AT 30h
                     4  ; здесь объявление переменных (если нужны)
                     5  CSEG AT 0h
0000 8029            6          sjmp START
0003                 7  org 03h                         ; INT0 — нажатие клавиши: процедура вызывается отсюда
0003 120030          8          call KbScan ; %proc%
0006 32              9          reti
000B                10  org 0bh ; "заглушка" для Tmr0_ovf
000B 00             11          nop
000C 32             12          reti
0013                13  org 13h ; "заглушка" для INT1
0013 00             14          nop
0014 32             15          reti
001B                16  org 1bh ; "заглушка" для Tmr1_ovf
001B 00             17          nop
001C 32             18          reti
0023                19  org 23h ; "заглушка" для UART
0023 00             20          nop
0024 32             21          reti
002B                22  org 2bh
002B                23  START:
                    24  ; Инициализация МК **********************************************
002B 758107         25          mov SP, #07h
                    26          ; TODO: CS_EN = 1; все столбцы в 0 (иначе нажатие не опустит строку и INT0);
                    27          ; TODO: режим INT0 (IT0), разрешить EX0 и EA
002E 80FE           28          jmp $ ; %stop%
                    29  
                    30  ; KbScan — сканирование матрицы клавиатуры по столбцам (обработчик INT0).
                    31  ; Вход: нет. Выход: A — код единственной нажатой клавиши по табл. 3 ТЗ или 0FFh.
                    32  ; TODO: портит …
0030                33  KbScan:
                    34          ; TODO: по очереди 0 в один столбец (запись в ADR_KB), чтение строк (младшие KB_ROWS бит),
                    35          ; TODO: код по рис. 4; две клавиши и больше — 0FFh; в конце все столбцы снова в 0
0030 74FF           36          mov A, #0FFh
0032 22             37          ret
                    38  END
                    39  
