                     1  ; Судьбинин Н.А., Аэ-21-23, 11, v1
                     2  $INCLUDE (vars.inc)             ; адреса, биты, константы варианта; в файл для робота mpscode вклеит его текст
              =1     1  ; Параметры варианта Аэ-21, M=11 (ТЗ 2026). Сгенерировано mpsgen — не править руками.
              =1     2  
              =1     3  VAR_M        EQU 11            ; номер варианта
              =1     4  VAR_G        EQU 21            ; номер группы
              =1     5  Y2_CONST     EQU 32            ; G+M: Y2 = (Y2_CONST + X1 + X2) mod 256
              =1     6  
              =1     7  ; --- адреса внешних устройств (movx) ---
              =1     8  ADR_IND      EQU 2000h        ; индикатор, CS Y1
              =1     9  ADR_KB       EQU 6000h        ; клавиатура: запись столбцов / чтение строк, CS Y3
              =1    10  ADR_Y2       EQU 4000h        ; регистр Y2, CS Y2
              =1    11  BUF_START    EQU 0E000h        ; первая ячейка буфера, CS Y7
              =1    12  BUF_END      EQU 0E776h        ; первая ячейка ЗА буфером (точка заворота)
              =1    13  BUF_SIZE     EQU 1910
              =1    14  
              =1    15  ; --- клавиатура 3x4 и индикатор ---
              =1    16  KB_COLS      EQU 3             ; столбцы Col1…Col3 — биты D0…D2 при записи в ADR_KB (0 — столбец опрашивается)
              =1    17  KB_ROWS      EQU 4             ; строки Row1…Row4 — биты D0…D3 при чтении ADR_KB (0 — замкнута); старшие биты не определены — маскировать
              =1    18  IND_OFF      EQU 00h           ; индикатор погашен (общий катод: 1 зажигает сегмент; D0…D7 = a…g, dp)
              =1    19  
              =1    20  ; --- внутреннее ОЗУ ---
              =1    21  HEAD_L       EQU 51h          ; «голова», младший байт
              =1    22  HEAD_H       EQU 52h          ; «голова», старший байт
              =1    23  TAIL_L       EQU 53h          ; «хвост», младший байт
              =1    24  TAIL_H       EQU 54h          ; «хвост», старший байт
              =1    25  F_EMPTY      BIT 0Bh          ; флаг пустоты буфера (21h.3)
              =1    26  F_OVF        BIT 20h          ; флаг переполнения буфера (24h.0)
              =1    27  
              =1    28  ; --- выводы ---
              =1    29  PIN_Y1       BIT P1.4         ; строб Y1, активный 0
              =1    30  PIN_Y2       BIT P1.5         ; строб Y2, активный 0
              =1    31  PIN_CSEN     BIT P3.4         ; CS_EN: разрешение дешифратора CS (1 — CS активны)
              =1    32  
              =1    33  ; --- таймеры (кварц 12 МГц) ---
              =1    34  T2_RELOAD_H  EQU 0F9h          ; строб Y2 1751 мкс, Timer1
              =1    35  T2_RELOAD_L  EQU 29h
              =1    36  TICK_H       EQU 0FCh          ; тик 1 мс для Y1/T3, Timer0
              =1    37  TICK_L       EQU 18h
              =1    38  Y1_TICKS     EQU 313           ; T1 = 313 мс
              =1    39  T3_TICKS     EQU 2745          ; T3 = 2745 мс
              =1    40  
                     3  DSEG AT 30h
                     4  X1:     DS 1                    ; цифра с клавиатуры (0 — Y2 пассивен)
                     5  X2:     DS 1                    ; отсчёт из буфера
                     6  CSEG AT 0h
0000 8029            7          sjmp START
0003                 8  org 03h ; "заглушка" для INT0
0003 00              9          nop
0004 32             10          reti
000B                11  org 0bh ; "заглушка" для Tmr0_ovf
000B 00             12          nop
000C 32             13          reti
0013                14  org 13h ; "заглушка" для INT1
0013 00             15          nop
0014 32             16          reti
001B                17  org 1bh                         ; Timer1 — конец строба Y2
                    18          ; TODO: остановить таймер, PIN_Y2 = 1
001B 32             19          reti
0023                20  org 23h ; "заглушка" для UART
0023 00             21          nop
0024 32             22          reti
002B                23  org 2bh
002B                24  START:
                    25  ; Инициализация МК **********************************************
002B 758107         26          mov SP, #07h
                    27          ; TODO: CS_EN = 1; PIN_Y2 = 1 (строб пассивен); TMOD для Timer1; разрешить ET1 и EA
002E 753003         28          mov X1, #3              ; пример входных данных
0031 7531C8         29          mov X2, #200
0034 120039         30          call Y2Out ; %proc%
0037 80FE           31          jmp $ ; %stop%
                    32  
                    33  ; Y2Out — расчёт Y2 = (G+M+X1+X2) mod 256 (X1 = 0 → Y2 = 0), запись в регистр Y2 и строб T2.
                    34  ; Вход: X1, X2. Выход: регистр Y2; PIN_Y2 = 0 на T2 мкс (конец — в прерывании Timer1).
                    35  ; TODO: что портит
0039                36  Y2Out:
                    37          ; TODO: расчёт (Y2_CONST = G+M), movx в ADR_Y2, затем Timer1 = T2_RELOAD_H:L и PIN_Y2 = 0
0039 22             38          ret
                    39  END
                    40  
